------------------------------------------------------------
Timing Analyzer Summary
------------------------------------------------------------

Type  : Slow 1200mV 85C Model Setup 'clk'
Slack : -4.591
TNS   : -657.796

Type  : Slow 1200mV 85C Model Setup 'bucleEspera:U_bucleEspera|clk_16ms'
Slack : -4.264
TNS   : -218.204

Type  : Slow 1200mV 85C Model Setup 'tamagotchi_fsm:U_tamagotchi_fsm|clk_out'
Slack : -3.216
TNS   : -71.149

Type  : Slow 1200mV 85C Model Hold 'bucleEspera:U_bucleEspera|clk_16ms'
Slack : 0.435
TNS   : 0.000

Type  : Slow 1200mV 85C Model Hold 'clk'
Slack : 0.452
TNS   : 0.000

Type  : Slow 1200mV 85C Model Hold 'tamagotchi_fsm:U_tamagotchi_fsm|clk_out'
Slack : 0.452
TNS   : 0.000

Type  : Slow 1200mV 85C Model Minimum Pulse Width 'clk'
Slack : -3.000
TNS   : -438.691

Type  : Slow 1200mV 85C Model Minimum Pulse Width 'bucleEspera:U_bucleEspera|clk_16ms'
Slack : -1.487
TNS   : -98.142

Type  : Slow 1200mV 85C Model Minimum Pulse Width 'tamagotchi_fsm:U_tamagotchi_fsm|clk_out'
Slack : -1.487
TNS   : -40.149

Type  : Slow 1200mV 0C Model Setup 'clk'
Slack : -4.361
TNS   : -585.945

Type  : Slow 1200mV 0C Model Setup 'bucleEspera:U_bucleEspera|clk_16ms'
Slack : -4.029
TNS   : -198.897

Type  : Slow 1200mV 0C Model Setup 'tamagotchi_fsm:U_tamagotchi_fsm|clk_out'
Slack : -2.975
TNS   : -64.777

Type  : Slow 1200mV 0C Model Hold 'bucleEspera:U_bucleEspera|clk_16ms'
Slack : 0.384
TNS   : 0.000

Type  : Slow 1200mV 0C Model Hold 'clk'
Slack : 0.401
TNS   : 0.000

Type  : Slow 1200mV 0C Model Hold 'tamagotchi_fsm:U_tamagotchi_fsm|clk_out'
Slack : 0.401
TNS   : 0.000

Type  : Slow 1200mV 0C Model Minimum Pulse Width 'clk'
Slack : -3.000
TNS   : -438.691

Type  : Slow 1200mV 0C Model Minimum Pulse Width 'bucleEspera:U_bucleEspera|clk_16ms'
Slack : -1.487
TNS   : -98.142

Type  : Slow 1200mV 0C Model Minimum Pulse Width 'tamagotchi_fsm:U_tamagotchi_fsm|clk_out'
Slack : -1.487
TNS   : -40.149

Type  : Fast 1200mV 0C Model Setup 'clk'
Slack : -1.418
TNS   : -139.872

Type  : Fast 1200mV 0C Model Setup 'bucleEspera:U_bucleEspera|clk_16ms'
Slack : -1.327
TNS   : -57.677

Type  : Fast 1200mV 0C Model Setup 'tamagotchi_fsm:U_tamagotchi_fsm|clk_out'
Slack : -0.910
TNS   : -17.010

Type  : Fast 1200mV 0C Model Hold 'bucleEspera:U_bucleEspera|clk_16ms'
Slack : 0.179
TNS   : 0.000

Type  : Fast 1200mV 0C Model Hold 'clk'
Slack : 0.186
TNS   : 0.000

Type  : Fast 1200mV 0C Model Hold 'tamagotchi_fsm:U_tamagotchi_fsm|clk_out'
Slack : 0.186
TNS   : 0.000

Type  : Fast 1200mV 0C Model Minimum Pulse Width 'clk'
Slack : -3.000
TNS   : -315.055

Type  : Fast 1200mV 0C Model Minimum Pulse Width 'bucleEspera:U_bucleEspera|clk_16ms'
Slack : -1.000
TNS   : -66.000

Type  : Fast 1200mV 0C Model Minimum Pulse Width 'tamagotchi_fsm:U_tamagotchi_fsm|clk_out'
Slack : -1.000
TNS   : -27.000

------------------------------------------------------------
